66.249.72.104 - - [06/Jul/2012:07:18:06 +0200] "GET /?mes=6&ano=415 HTTP/1.1" 200 5635 www.scireformacion.com "-" "Mozilla/5.0 (compatible; Googlebot/2.1; +http://www.google.com/bot.html)" "-"
66.249.72.104 - - [06/Jul/2012:07:20:30 +0200] "GET /index.php?mes=11&ano=2827 HTTP/1.1" 200 5468 www.scireformacion.com "-" "Mozilla/5.0 (compatible; Googlebot/2.1; +http://www.google.com/bot.html)" "-"
66.249.72.104 - - [06/Jul/2012:07:20:39 +0200] "GET /?mes=7&ano=-329 HTTP/1.1" 200 5496 www.scireformacion.com "-" "Mozilla/5.0 (compatible; Googlebot/2.1; +http://www.google.com/bot.html)" "-"
66.249.72.104 - - [06/Jul/2012:07:21:54 +0200] "GET /index.php?mes=12&ano=2826 HTTP/1.1" 200 5459 www.scireformacion.com "-" "Mozilla/5.0 (compatible; Googlebot/2.1; +http://www.google.com/bot.html)" "-"
66.249.72.104 - - [06/Jul/2012:07:23:44 +0200] "GET /index.php?mes=10&ano=1191 HTTP/1.1" 200 5537 www.scireformacion.com "-" "Mozilla/5.0 (compatible; Googlebot/2.1; +http://www.google.com/bot.html)" "-"
66.249.72.104 - - [06/Jul/2012:07:25:45 +0200] "GET /index.php?mes=12&ano=1191 HTTP/1.1" 200 5459 www.scireformacion.com "-" "Mozilla/5.0 (compatible; Googlebot/2.1; +http://www.google.com/bot.html)" "-"
66.249.72.245 - - [06/Jul/2012:07:26:08 +0200] "GET /?mes=8&ano=2254 HTTP/1.1" 200 5461 scireformacion.com "-" "Mozilla/5.0 (compatible; Googlebot/2.1; +http://www.google.com/bot.html)" "-"
66.249.72.104 - - [06/Jul/2012:07:29:29 +0200] "GET /index.php?mes=12&ano=-825 HTTP/1.1" 200 5459 www.scireformacion.com "-" "Mozilla/5.0 (compatible; Googlebot/2.1; +http://www.google.com/bot.html)" "-"
66.249.72.104 - - [06/Jul/2012:07:31:16 +0200] "GET /index.php?mes=10&ano=-825 HTTP/1.1" 200 5537 www.scireformacion.com "-" "Mozilla/5.0 (compatible; Googlebot/2.1; +http://www.google.com/bot.html)" "-"
207.46.199.55 - - [06/Jul/2012:07:31:58 +0200] "GET /?go=inscripcion HTTP/1.1" 200 6938 www.scireformacion.com "-" "Mozilla/5.0 (compatible; bingbot/2.0; +http://www.bing.com/bingbot.htm)" "-"
66.249.72.104 - - [06/Jul/2012:07:33:24 +0200] "GET /index.php?mes=11&ano=1190 HTTP/1.1" 200 5468 www.scireformacion.com "-" "Mozilla/5.0 (compatible; Googlebot/2.1; +http://www.google.com/bot.html)" "-"
66.249.72.104 - - [06/Jul/2012:07:35:07 +0200] "GET /index.php?mes=11&ano=-826 HTTP/1.1" 200 5468 www.scireformacion.com "-" "Mozilla/5.0 (compatible; Googlebot/2.1; +http://www.google.com/bot.html)" "-"
66.249.72.245 - - [06/Jul/2012:07:37:10 +0200] "GET /?mes=5&ano=1245 HTTP/1.1" 200 5531 scireformacion.com "-" "Mozilla/5.0 (compatible; Googlebot/2.1; +http://www.google.com/bot.html)" "-"
66.249.72.104 - - [06/Jul/2012:07:38:48 +0200] "GET /?mes=11&ano=1137 HTTP/1.1" 200 5468 www.scireformacion.com "-" "Mozilla/5.0 (compatible; Googlebot/2.1; +http://www.google.com/bot.html)" "-"
66.249.72.245 - - [06/Jul/2012:07:40:13 +0200] "GET /?mes=10&ano=2623 HTTP/1.1" 200 5537 scireformacion.com "-" "Mozilla/5.0 (compatible; Googlebot/2.1; +http://www.google.com/bot.html)" "-"
66.249.72.104 - - [06/Jul/2012:07:40:31 +0200] "GET /?mes=12&ano=-938 HTTP/1.1" 200 5459 www.scireformacion.com "-" "Mozilla/5.0 (compatible; Googlebot/2.1; +http://www.google.com/bot.html)" "-"
66.249.72.104 - - [06/Jul/2012:07:43:35 +0200] "GET /noticia/58/prueba HTTP/1.1" 200 10286 www.scireformacion.com "-" "Mozilla/5.0 (compatible; Googlebot/2.1; +http://www.google.com/bot.html)" "-"
66.249.72.104 - - [06/Jul/2012:07:44:10 +0200] "GET /?mes=12&ano=1136 HTTP/1.1" 200 5459 www.scireformacion.com "-" "Mozilla/5.0 (compatible; Googlebot/2.1; +http://www.google.com/bot.html)" "-"
66.249.72.104 - - [06/Jul/2012:07:46:07 +0200] "GET /?mes=10&ano=-940 HTTP/1.1" 200 5537 www.scireformacion.com "-" "Mozilla/5.0 (compatible; Googlebot/2.1; +http://www.google.com/bot.html)" "-"
66.249.72.245 - - [06/Jul/2012:07:46:08 +0200] "GET /?mes=8&ano=2255 HTTP/1.1" 200 5461 scireformacion.com "-" "Mozilla/5.0 (compatible; Googlebot/2.1; +http://www.google.com/bot.html)" "-"
66.249.72.104 - - [06/Jul/2012:07:47:55 +0200] "GET /?mes=11&ano=-939 HTTP/1.1" 200 5468 www.scireformacion.com "-" "Mozilla/5.0 (compatible; Googlebot/2.1; +http://www.google.com/bot.html)" "-"
66.249.72.104 - - [06/Jul/2012:07:48:41 +0200] "GET /?mes=7&ano=415 HTTP/1.1" 200 5491 www.scireformacion.com "-" "Mozilla/5.0 (compatible; Googlebot/2.1; +http://www.google.com/bot.html)" "-"
66.249.72.104 - - [06/Jul/2012:07:49:39 +0200] "GET /?mes=10&ano=1136 HTTP/1.1" 200 5537 www.scireformacion.com "-" "Mozilla/5.0 (compatible; Googlebot/2.1; +http://www.google.com/bot.html)" "-"
84.126.0.50 - - [06/Jul/2012:07:51:11 +0200] "GET / HTTP/1.1" 200 5507 www.scireformacion.com "http://www.google.es/url?sa=t&rct=j&q=&esrc=s&source=web&cd=4&ved=0CF0QFjAD&url=http%3A%2F%2Fwww.scireformacion.com%2F&ei=wXz2T9DEBMTG0QXvqKCWBw&usg=AFQjCNG7aGjUZp1va_1vXd_BJ-2bc7efHA&sig2=LJFgg57Wi2qBhvE051Z87Q" "Mozilla/5.0 (Windows NT 6.0) AppleWebKit/536.11 (KHTML, like Gecko) Chrome/20.0.1132.47 Safari/536.11" "-"
84.126.0.50 - - [06/Jul/2012:07:51:11 +0200] "GET /template/frontend/scire/style.css HTTP/1.1" 200 4862 www.scireformacion.com "http://www.scireformacion.com/" "Mozilla/5.0 (Windows NT 6.0) AppleWebKit/536.11 (KHTML, like Gecko) Chrome/20.0.1132.47 Safari/536.11" "-"
84.126.0.50 - - [06/Jul/2012:07:51:11 +0200] "GET /template/frontend/scire/img/siguenos-facebook.gif HTTP/1.1" 200 6086 www.scireformacion.com "http://www.scireformacion.com/" "Mozilla/5.0 (Windows NT 6.0) AppleWebKit/536.11 (KHTML, like Gecko) Chrome/20.0.1132.47 Safari/536.11" "-"
84.126.0.50 - - [06/Jul/2012:07:51:11 +0200] "GET /template/frontend/scire/img/home.jpg HTTP/1.1" 200 23701 www.scireformacion.com "http://www.scireformacion.com/" "Mozilla/5.0 (Windows NT 6.0) AppleWebKit/536.11 (KHTML, like Gecko) Chrome/20.0.1132.47 Safari/536.11" "-"
84.126.0.50 - - [06/Jul/2012:07:51:11 +0200] "GET /template/frontend/scire/img/scire.jpg HTTP/1.1" 200 45538 www.scireformacion.com "http://www.scireformacion.com/" "Mozilla/5.0 (Windows NT 6.0) AppleWebKit/536.11 (KHTML, like Gecko) Chrome/20.0.1132.47 Safari/536.11" "-"
84.126.0.50 - - [06/Jul/2012:07:51:11 +0200] "GET /template/frontend/scire/img/bg.jpg HTTP/1.1" 200 40986 www.scireformacion.com "http://www.scireformacion.com/" "Mozilla/5.0 (Windows NT 6.0) AppleWebKit/536.11 (KHTML, like Gecko) Chrome/20.0.1132.47 Safari/536.11" "-"
84.126.0.50 - - [06/Jul/2012:07:51:12 +0200] "GET /favicon.ico HTTP/1.1" 302 216 www.scireformacion.com "-" "Mozilla/5.0 (Windows NT 6.0) AppleWebKit/536.11 (KHTML, like Gecko) Chrome/20.0.1132.47 Safari/536.11" "-"
66.249.72.104 - - [06/Jul/2012:07:51:21 +0200] "GET /index.php?mes=1&ano=884 HTTP/1.1" 200 5450 www.scireformacion.com "-" "Mozilla/5.0 (compatible; Googlebot/2.1; +http://www.google.com/bot.html)" "-"
84.126.0.50 - - [06/Jul/2012:07:51:24 +0200] "GET /?go=cursos HTTP/1.1" 200 5479 www.scireformacion.com "http://www.scireformacion.com/" "Mozilla/5.0 (Windows NT 6.0) AppleWebKit/536.11 (KHTML, like Gecko) Chrome/20.0.1132.47 Safari/536.11" "-"
84.126.0.50 - - [06/Jul/2012:07:51:25 +0200] "GET /template/frontend/scire/img/cursos.jpg HTTP/1.1" 200 24733 www.scireformacion.com "http://www.scireformacion.com/?go=cursos" "Mozilla/5.0 (Windows NT 6.0) AppleWebKit/536.11 (KHTML, like Gecko) Chrome/20.0.1132.47 Safari/536.11" "-"
84.126.0.50 - - [06/Jul/2012:07:51:25 +0200] "GET /favicon.ico HTTP/1.1" 302 216 www.scireformacion.com "-" "Mozilla/5.0 (Windows NT 6.0) AppleWebKit/536.11 (KHTML, like Gecko) Chrome/20.0.1132.47 Safari/536.11" "-"
84.126.0.50 - - [06/Jul/2012:07:51:37 +0200] "GET /?go=news HTTP/1.1" 200 25748 www.scireformacion.com "http://www.scireformacion.com/?go=cursos" "Mozilla/5.0 (Windows NT 6.0) AppleWebKit/536.11 (KHTML, like Gecko) Chrome/20.0.1132.47 Safari/536.11" "-"
84.126.0.50 - - [06/Jul/2012:07:51:37 +0200] "GET /template/frontend/scire/img/noticias.jpg HTTP/1.1" 200 25064 www.scireformacion.com "http://www.scireformacion.com/?go=news" "Mozilla/5.0 (Windows NT 6.0) AppleWebKit/536.11 (KHTML, like Gecko) Chrome/20.0.1132.47 Safari/536.11" "-"
84.126.0.50 - - [06/Jul/2012:07:51:37 +0200] "GET /favicon.ico HTTP/1.1" 302 216 www.scireformacion.com "-" "Mozilla/5.0 (Windows NT 6.0) AppleWebKit/536.11 (KHTML, like Gecko) Chrome/20.0.1132.47 Safari/536.11" "-"
84.126.0.50 - - [06/Jul/2012:07:51:54 +0200] "GET /?go=inscripcion HTTP/1.1" 200 6938 www.scireformacion.com "http://www.scireformacion.com/?go=news" "Mozilla/5.0 (Windows NT 6.0) AppleWebKit/536.11 (KHTML, like Gecko) Chrome/20.0.1132.47 Safari/536.11" "-"
84.126.0.50 - - [06/Jul/2012:07:51:54 +0200] "GET /template/frontend/scire/img/inscripcion.jpg HTTP/1.1" 200 26872 www.scireformacion.com "http://www.scireformacion.com/?go=inscripcion" "Mozilla/5.0 (Windows NT 6.0) AppleWebKit/536.11 (KHTML, like Gecko) Chrome/20.0.1132.47 Safari/536.11" "-"
84.126.0.50 - - [06/Jul/2012:07:51:54 +0200] "GET /favicon.ico HTTP/1.1" 302 216 www.scireformacion.com "-" "Mozilla/5.0 (Windows NT 6.0) AppleWebKit/536.11 (KHTML, like Gecko) Chrome/20.0.1132.47 Safari/536.11" "-"
84.126.0.50 - - [06/Jul/2012:07:52:20 +0200] "GET /?go=contacto HTTP/1.1" 200 6240 www.scireformacion.com "http://www.scireformacion.com/?go=inscripcion" "Mozilla/5.0 (Windows NT 6.0) AppleWebKit/536.11 (KHTML, like Gecko) Chrome/20.0.1132.47 Safari/536.11" "-"
84.126.0.50 - - [06/Jul/2012:07:52:20 +0200] "GET /template/frontend/scire/img/contacto.jpg HTTP/1.1" 200 25754 www.scireformacion.com "http://www.scireformacion.com/?go=contacto" "Mozilla/5.0 (Windows NT 6.0) AppleWebKit/536.11 (KHTML, like Gecko) Chrome/20.0.1132.47 Safari/536.11" "-"
84.126.0.50 - - [06/Jul/2012:07:52:22 +0200] "GET /favicon.ico HTTP/1.1" 302 216 www.scireformacion.com "-" "Mozilla/5.0 (Windows NT 6.0) AppleWebKit/536.11 (KHTML, like Gecko) Chrome/20.0.1132.47 Safari/536.11" "-"
84.126.0.50 - - [06/Jul/2012:07:52:22 +0200] "GET /favicon.ico HTTP/1.1" 302 216 www.scireformacion.com "-" "Mozilla/5.0 (Windows NT 6.0) AppleWebKit/536.11 (KHTML, like Gecko) Chrome/20.0.1132.47 Safari/536.11" "-"
84.126.0.50 - - [06/Jul/2012:07:52:22 +0200] "GET /favicon.ico HTTP/1.1" 302 216 www.scireformacion.com "-" "Mozilla/5.0 (Windows NT 6.0) AppleWebKit/536.11 (KHTML, like Gecko) Chrome/20.0.1132.47 Safari/536.11" "-"
84.126.0.50 - - [06/Jul/2012:07:52:39 +0200] "GET /?go=inscripcion HTTP/1.1" 200 6938 www.scireformacion.com "http://www.scireformacion.com/?go=news" "Mozilla/5.0 (Windows NT 6.0) AppleWebKit/536.11 (KHTML, like Gecko) Chrome/20.0.1132.47 Safari/536.11" "-"
84.126.0.50 - - [06/Jul/2012:07:52:40 +0200] "GET /favicon.ico HTTP/1.1" 302 216 www.scireformacion.com "-" "Mozilla/5.0 (Windows NT 6.0) AppleWebKit/536.11 (KHTML, like Gecko) Chrome/20.0.1132.47 Safari/536.11" "-"
66.249.72.104 - - [06/Jul/2012:07:53:20 +0200] "GET /index.php?mes=9&ano=885 HTTP/1.1" 200 5461 www.scireformacion.com "-" "Mozilla/5.0 (compatible; Googlebot/2.1; +http://www.google.com/bot.html)" "-"
66.249.72.104 - - [06/Jul/2012:07:55:15 +0200] "GET /index.php?mes=7&ano=883 HTTP/1.1" 200 5491 www.scireformacion.com "-" "Mozilla/5.0 (compatible; Googlebot/2.1; +http://www.google.com/bot.html)" "-"
66.249.72.104 - - [06/Jul/2012:07:56:52 +0200] "GET /index.php?mes=4&ano=883 HTTP/1.1" 200 5455 www.scireformacion.com "-" "Mozilla/5.0 (compatible; Googlebot/2.1; +http://www.google.com/bot.html)" "-"
66.249.72.104 - - [06/Jul/2012:07:58:53 +0200] "GET /index.php?mes=6&ano=882 HTTP/1.1" 200 5635 www.scireformacion.com "-" "Mozilla/5.0 (compatible; Googlebot/2.1; +http://www.google.com/bot.html)" "-"
66.249.72.104 - - [06/Jul/2012:08:01:26 +0200] "GET /robots.txt HTTP/1.1" 302 216 www.scireformacion.com "-" "Mozilla/5.0 (compatible; Googlebot/2.1; +http://www.google.com/bot.html)" "-"
66.249.72.104 - - [06/Jul/2012:08:01:27 +0200] "GET /index.php?mes=2&ano=885 HTTP/1.1" 200 5457 www.scireformacion.com "-" "Mozilla/5.0 (compatible; Googlebot/2.1; +http://www.google.com/bot.html)" "-"
66.249.72.104 - - [06/Jul/2012:08:01:27 +0200] "GET /?mes=7&ano=416 HTTP/1.1" 200 5491 www.scireformacion.com "-" "Mozilla/5.0 (compatible; Googlebot/2.1; +http://www.google.com/bot.html)" "-"
66.249.72.104 - - [06/Jul/2012:08:06:32 +0200] "GET /?mes=8&ano=-329 HTTP/1.1" 200 5461 www.scireformacion.com "-" "Mozilla/5.0 (compatible; Googlebot/2.1; +http://www.google.com/bot.html)" "-"
66.249.72.104 - - [06/Jul/2012:08:06:53 +0200] "GET /index.php?mes=5&ano=882 HTTP/1.1" 200 5526 www.scireformacion.com "-" "Mozilla/5.0 (compatible; Googlebot/2.1; +http://www.google.com/bot.html)" "-"
66.249.72.104 - - [06/Jul/2012:08:09:46 +0200] "GET /index.php?mes=8&ano=884 HTTP/1.1" 200 5456 www.scireformacion.com "-" "Mozilla/5.0 (compatible; Googlebot/2.1; +http://www.google.com/bot.html)" "-"
66.249.72.245 - - [06/Jul/2012:08:12:41 +0200] "GET /?mes=8&ano=2803 HTTP/1.1" 200 5461 scireformacion.com "-" "Mozilla/5.0 (compatible; Googlebot/2.1; +http://www.google.com/bot.html)" "-"
66.249.72.104 - - [06/Jul/2012:08:15:42 +0200] "GET /index.php?mes=3&ano=884 HTTP/1.1" 200 5455 www.scireformacion.com "-" "Mozilla/5.0 (compatible; Googlebot/2.1; +http://www.google.com/bot.html)" "-"
66.249.72.104 - - [06/Jul/2012:08:19:06 +0200] "GET /index.php?mes=2&ano=-823 HTTP/1.1" 200 5462 www.scireformacion.com "-" "Mozilla/5.0 (compatible; Googlebot/2.1; +http://www.google.com/bot.html)" "-"
66.249.72.104 - - [06/Jul/2012:08:19:49 +0200] "GET /index.php?mes=4&ano=-821 HTTP/1.1" 200 5460 www.scireformacion.com "-" "Mozilla/5.0 (compatible; Googlebot/2.1; +http://www.google.com/bot.html)" "-"
66.249.72.104 - - [06/Jul/2012:08:22:19 +0200] "GET /index.php?mes=10&ano=886 HTTP/1.1" 200 5532 www.scireformacion.com "-" "Mozilla/5.0 (compatible; Googlebot/2.1; +http://www.google.com/bot.html)" "-"
66.249.72.104 - - [06/Jul/2012:08:25:33 +0200] "GET /index.php?mes=3&ano=-822 HTTP/1.1" 200 5460 www.scireformacion.com "-" "Mozilla/5.0 (compatible; Googlebot/2.1; +http://www.google.com/bot.html)" "-"
66.249.72.104 - - [06/Jul/2012:08:28:51 +0200] "GET /index.php?mes=5&ano=2823 HTTP/1.1" 200 5531 www.scireformacion.com "-" "Mozilla/5.0 (compatible; Googlebot/2.1; +http://www.google.com/bot.html)" "-"
66.249.72.245 - - [06/Jul/2012:08:29:28 +0200] "GET /robots.txt HTTP/1.1" 302 216 scireformacion.com "-" "Mozilla/5.0 (compatible; Googlebot/2.1; +http://www.google.com/bot.html)" "-"
66.249.72.245 - - [06/Jul/2012:08:29:28 +0200] "GET /?mes=8&ano=2256 HTTP/1.1" 200 5461 scireformacion.com "-" "Mozilla/5.0 (compatible; Googlebot/2.1; +http://www.google.com/bot.html)" "-"
66.249.72.104 - - [06/Jul/2012:08:32:02 +0200] "GET /?mes=1&ano=431 HTTP/1.1" 200 5450 www.scireformacion.com "-" "Mozilla/5.0 (compatible; Googlebot/2.1; +http://www.google.com/bot.html)" "-"
66.249.72.104 - - [06/Jul/2012:08:34:36 +0200] "GET /index.php?mes=3&ano=1194 HTTP/1.1" 200 5460 www.scireformacion.com "-" "Mozilla/5.0 (compatible; Googlebot/2.1; +http://www.google.com/bot.html)" "-"
66.249.72.104 - - [06/Jul/2012:08:38:34 +0200] "GET /index.php?mes=1&ano=1192 HTTP/1.1" 200 5453 www.scireformacion.com "-" "Mozilla/5.0 (compatible; Googlebot/2.1; +http://www.google.com/bot.html)" "-"
66.249.72.104 - - [06/Jul/2012:08:39:39 +0200] "GET /?mes=8&ano=-330 HTTP/1.1" 200 5461 www.scireformacion.com "-" "Mozilla/5.0 (compatible; Googlebot/2.1; +http://www.google.com/bot.html)" "-"
66.249.72.104 - - [06/Jul/2012:08:44:28 +0200] "GET /index.php?mes=7&ano=-823 HTTP/1.1" 200 5496 www.scireformacion.com "-" "Mozilla/5.0 (compatible; Googlebot/2.1; +http://www.google.com/bot.html)" "-"
66.249.72.104 - - [06/Jul/2012:08:47:18 +0200] "GET /?mes=8&ano=417 HTTP/1.1" 200 5456 www.scireformacion.com "-" "Mozilla/5.0 (compatible; Googlebot/2.1; +http://www.google.com/bot.html)" "-"
66.249.72.245 - - [06/Jul/2012:08:48:08 +0200] "GET /?mes=11&ano=2806 HTTP/1.1" 200 5468 scireformacion.com "-" "Mozilla/5.0 (compatible; Googlebot/2.1; +http://www.google.com/bot.html)" "-"
66.249.72.104 - - [06/Jul/2012:08:49:57 +0200] "GET /noticia/58/prueba?mes=7&ano=2013 HTTP/1.1" 200 10286 www.scireformacion.com "-" "Mozilla/5.0 (compatible; Googlebot/2.1; +http://www.google.com/bot.html)" "-"
66.249.72.104 - - [06/Jul/2012:08:52:04 +0200] "GET /noticia/58/prueba?mes=7&ano=2011 HTTP/1.1" 200 10286 www.scireformacion.com "-" "Mozilla/5.0 (compatible; Googlebot/2.1; +http://www.google.com/bot.html)" "-"
66.249.72.104 - - [06/Jul/2012:08:53:51 +0200] "GET /noticia/58/prueba?mes=8&ano=2012 HTTP/1.1" 200 10286 www.scireformacion.com "-" "Mozilla/5.0 (compatible; Googlebot/2.1; +http://www.google.com/bot.html)" "-"
66.249.72.104 - - [06/Jul/2012:08:55:35 +0200] "GET /index.php?mes=2&ano=2826 HTTP/1.1" 200 5462 www.scireformacion.com "-" "Mozilla/5.0 (compatible; Googlebot/2.1; +http://www.google.com/bot.html)" "-"
66.249.72.104 - - [06/Jul/2012:08:57:31 +0200] "GET /index.php?mes=6&ano=-822 HTTP/1.1" 200 5640 www.scireformacion.com "-" "Mozilla/5.0 (compatible; Googlebot/2.1; +http://www.google.com/bot.html)" "-"
66.249.72.245 - - [06/Jul/2012:08:57:33 +0200] "GET /?mes=9&ano=1765 HTTP/1.1" 200 5466 scireformacion.com "-" "Mozilla/5.0 (compatible; Googlebot/2.1; +http://www.google.com/bot.html)" "-"
66.249.72.104 - - [06/Jul/2012:08:59:40 +0200] "GET /index.php?mes=1&ano=-824 HTTP/1.1" 200 5453 www.scireformacion.com "-" "Mozilla/5.0 (compatible; Googlebot/2.1; +http://www.google.com/bot.html)" "-"
66.249.72.245 - - [06/Jul/2012:08:59:43 +0200] "GET /?mes=10&ano=2624 HTTP/1.1" 200 5537 scireformacion.com "-" "Mozilla/5.0 (compatible; Googlebot/2.1; +http://www.google.com/bot.html)" "-"
66.249.72.104 - - [06/Jul/2012:09:01:17 +0200] "GET /index.php?mes=9&ano=-825 HTTP/1.1" 200 5466 www.scireformacion.com "-" "Mozilla/5.0 (compatible; Googlebot/2.1; +http://www.google.com/bot.html)" "-"
66.249.72.245 - - [06/Jul/2012:09:02:36 +0200] "GET /?mes=9&ano=1766 HTTP/1.1" 200 5466 scireformacion.com "-" "Mozilla/5.0 (compatible; Googlebot/2.1; +http://www.google.com/bot.html)" "-"
66.249.72.104 - - [06/Jul/2012:09:03:02 +0200] "GET /robots.txt HTTP/1.1" 302 216 www.scireformacion.com "-" "Mozilla/5.0 (compatible; Googlebot/2.1; +http://www.google.com/bot.html)" "-"
66.249.72.104 - - [06/Jul/2012:09:03:03 +0200] "GET /index.php?mes=9&ano=1191 HTTP/1.1" 200 5466 www.scireformacion.com "-" "Mozilla/5.0 (compatible; Googlebot/2.1; +http://www.google.com/bot.html)" "-"
66.249.72.104 - - [06/Jul/2012:09:05:05 +0200] "GET /index.php?mes=8&ano=2825 HTTP/1.1" 200 5461 www.scireformacion.com "-" "Mozilla/5.0 (compatible; Googlebot/2.1; +http://www.google.com/bot.html)" "-"
66.249.72.245 - - [06/Jul/2012:09:05:06 +0200] "GET /?mes=12&ano=2805 HTTP/1.1" 200 5459 scireformacion.com "-" "Mozilla/5.0 (compatible; Googlebot/2.1; +http://www.google.com/bot.html)" "-"
66.249.72.104 - - [06/Jul/2012:09:06:51 +0200] "GET /index.php?mes=1&ano=2827 HTTP/1.1" 200 5453 www.scireformacion.com "-" "Mozilla/5.0 (compatible; Googlebot/2.1; +http://www.google.com/bot.html)" "-"
66.249.72.104 - - [06/Jul/2012:09:08:33 +0200] "GET /index.php?mes=2&ano=1193 HTTP/1.1" 200 5462 www.scireformacion.com "-" "Mozilla/5.0 (compatible; Googlebot/2.1; +http://www.google.com/bot.html)" "-"
66.249.72.104 - - [06/Jul/2012:09:10:10 +0200] "GET /index.php?mes=6&ano=1194 HTTP/1.1" 200 5640 www.scireformacion.com "-" "Mozilla/5.0 (compatible; Googlebot/2.1; +http://www.google.com/bot.html)" "-"
66.249.72.104 - - [06/Jul/2012:09:12:04 +0200] "GET /index.php?mes=8&ano=-824 HTTP/1.1" 200 5461 www.scireformacion.com "-" "Mozilla/5.0 (compatible; Googlebot/2.1; +http://www.google.com/bot.html)" "-"
66.249.72.104 - - [06/Jul/2012:09:15:14 +0200] "GET /index.php?mes=7&ano=2824 HTTP/1.1" 200 5496 www.scireformacion.com "-" "Mozilla/5.0 (compatible; Googlebot/2.1; +http://www.google.com/bot.html)" "-"
66.249.72.104 - - [06/Jul/2012:09:17:16 +0200] "GET /index.php?mes=4&ano=1195 HTTP/1.1" 200 5460 www.scireformacion.com "-" "Mozilla/5.0 (compatible; Googlebot/2.1; +http://www.google.com/bot.html)" "-"
66.249.72.104 - - [06/Jul/2012:09:18:48 +0200] "GET /index.php?mes=3&ano=2825 HTTP/1.1" 200 5460 www.scireformacion.com "-" "Mozilla/5.0 (compatible; Googlebot/2.1; +http://www.google.com/bot.html)" "-"
66.249.72.104 - - [06/Jul/2012:09:20:18 +0200] "GET /index.php?mes=8&ano=1192 HTTP/1.1" 200 5461 www.scireformacion.com "-" "Mozilla/5.0 (compatible; Googlebot/2.1; +http://www.google.com/bot.html)" "-"
66.249.72.104 - - [06/Jul/2012:09:22:07 +0200] "GET /index.php?mes=12&ano=884 HTTP/1.1" 200 5456 www.scireformacion.com "-" "Mozilla/5.0 (compatible; Googlebot/2.1; +http://www.google.com/bot.html)" "-"
66.249.72.104 - - [06/Jul/2012:09:25:49 +0200] "GET /index.php?mes=5&ano=1195 HTTP/1.1" 200 5531 www.scireformacion.com "-" "Mozilla/5.0 (compatible; Googlebot/2.1; +http://www.google.com/bot.html)" "-"
66.249.72.104 - - [06/Jul/2012:09:27:50 +0200] "GET /index.php?mes=7&ano=1193 HTTP/1.1" 200 5496 www.scireformacion.com "-" "Mozilla/5.0 (compatible; Googlebot/2.1; +http://www.google.com/bot.html)" "-"
66.249.72.245 - - [06/Jul/2012:09:29:39 +0200] "GET /robots.txt HTTP/1.1" 302 216 scireformacion.com "-" "Mozilla/5.0 (compatible; Googlebot/2.1; +http://www.google.com/bot.html)" "-"
66.249.72.245 - - [06/Jul/2012:09:29:39 +0200] "GET /?mes=12&ano=1240 HTTP/1.1" 200 5459 scireformacion.com "-" "Mozilla/5.0 (compatible; Googlebot/2.1; +http://www.google.com/bot.html)" "-"
66.249.72.104 - - [06/Jul/2012:09:31:23 +0200] "GET /index.php?mes=5&ano=-821 HTTP/1.1" 200 5531 www.scireformacion.com "-" "Mozilla/5.0 (compatible; Googlebot/2.1; +http://www.google.com/bot.html)" "-"
66.249.72.245 - - [06/Jul/2012:09:33:02 +0200] "GET /?mes=9&ano=1767 HTTP/1.1" 200 5466 scireformacion.com "-" "Mozilla/5.0 (compatible; Googlebot/2.1; +http://www.google.com/bot.html)" "-"
66.249.72.104 - - [06/Jul/2012:09:33:05 +0200] "GET /index.php?mes=4&ano=2824 HTTP/1.1" 200 5460 www.scireformacion.com "-" "Mozilla/5.0 (compatible; Googlebot/2.1; +http://www.google.com/bot.html)" "-"
66.249.72.104 - - [06/Jul/2012:09:35:23 +0200] "GET /index.php?mes=9&ano=2826 HTTP/1.1" 200 5466 www.scireformacion.com "-" "Mozilla/5.0 (compatible; Googlebot/2.1; +http://www.google.com/bot.html)" "-"
66.249.72.104 - - [06/Jul/2012:09:37:05 +0200] "GET /index.php?mes=11&ano=885 HTTP/1.1" 200 5463 www.scireformacion.com "-" "Mozilla/5.0 (compatible; Googlebot/2.1; +http://www.google.com/bot.html)" "-"
66.249.72.104 - - [06/Jul/2012:09:38:02 +0200] "GET /?mes=9&ano=-331 HTTP/1.1" 200 5466 www.scireformacion.com "-" "Mozilla/5.0 (compatible; Googlebot/2.1; +http://www.google.com/bot.html)" "-"
66.249.72.104 - - [06/Jul/2012:09:38:43 +0200] "GET /index.php?mes=6&ano=2823 HTTP/1.1" 200 5640 www.scireformacion.com "-" "Mozilla/5.0 (compatible; Googlebot/2.1; +http://www.google.com/bot.html)" "-"
66.249.72.245 - - [06/Jul/2012:09:40:34 +0200] "GET /?mes=9&ano=1768 HTTP/1.1" 200 5466 scireformacion.com "-" "Mozilla/5.0 (compatible; Googlebot/2.1; +http://www.google.com/bot.html)" "-"
66.249.72.104 - - [06/Jul/2012:09:42:49 +0200] "GET /?mes=8&ano=1137 HTTP/1.1" 200 5461 www.scireformacion.com "-" "Mozilla/5.0 (compatible; Googlebot/2.1; +http://www.google.com/bot.html)" "-"
66.249.72.245 - - [06/Jul/2012:09:43:04 +0200] "GET /?mes=9&ano=1769 HTTP/1.1" 200 5466 scireformacion.com "-" "Mozilla/5.0 (compatible; Googlebot/2.1; +http://www.google.com/bot.html)" "-"
66.249.72.104 - - [06/Jul/2012:09:44:22 +0200] "GET /?mes=5&ano=1134 HTTP/1.1" 200 5531 www.scireformacion.com "-" "Mozilla/5.0 (compatible; Googlebot/2.1; +http://www.google.com/bot.html)" "-"
66.249.72.104 - - [06/Jul/2012:09:48:07 +0200] "GET /?mes=9&ano=417 HTTP/1.1" 200 5461 www.scireformacion.com "-" "Mozilla/5.0 (compatible; Googlebot/2.1; +http://www.google.com/bot.html)" "-"
66.249.72.104 - - [06/Jul/2012:09:48:23 +0200] "GET /?mes=4&ano=1134 HTTP/1.1" 200 5460 www.scireformacion.com "-" "Mozilla/5.0 (compatible; Googlebot/2.1; +http://www.google.com/bot.html)" "-"
208.115.113.89 - - [06/Jul/2012:09:49:47 +0200] "GET /robots.txt HTTP/1.1" 302 216 www.scireformacion.com "-" "Mozilla/5.0 (compatible; Ezooms/1.0; ezooms.bot@gmail.com)" "-"
213.186.119.143 - - [06/Jul/2012:09:50:11 +0200] "GET /?mes=9&ano=2013 HTTP/1.1" 200 5412 www.scireformacion.com "-" "Mozilla/5.0 (compatible; AhrefsBot/3.1; +http://ahrefs.com/robot/)" "-"
66.249.72.104 - - [06/Jul/2012:09:50:39 +0200] "GET /?mes=5&ano=-936 HTTP/1.1" 200 5531 www.scireformacion.com "-" "Mozilla/5.0 (compatible; Googlebot/2.1; +http://www.google.com/bot.html)" "-"
66.249.72.104 - - [06/Jul/2012:09:52:49 +0200] "GET /?mes=2&ano=1136 HTTP/1.1" 200 5462 www.scireformacion.com "-" "Mozilla/5.0 (compatible; Googlebot/2.1; +http://www.google.com/bot.html)" "-"
66.249.72.104 - - [06/Jul/2012:09:55:40 +0200] "GET /?mes=9&ano=418 HTTP/1.1" 200 5461 www.scireformacion.com "-" "Mozilla/5.0 (compatible; Googlebot/2.1; +http://www.google.com/bot.html)" "-"
66.249.72.245 - - [06/Jul/2012:09:58:12 +0200] "GET /?mes=9&ano=2253 HTTP/1.1" 200 5466 scireformacion.com "-" "Mozilla/5.0 (compatible; Googlebot/2.1; +http://www.google.com/bot.html)" "-"
147.96.79.168 - - [06/Jul/2012:09:59:30 +0200] "GET / HTTP/1.1" 200 5507 www.scireformacion.com "-" "Mozilla/5.0 (iPad; CPU OS 5_1_1 like Mac OS X) AppleWebKit/534.46 (KHTML, like Gecko) Version/5.1 Mobile/9B206 Safari/7534.48.3" "-"
147.96.79.168 - - [06/Jul/2012:09:59:30 +0200] "GET /template/frontend/scire/style.css HTTP/1.1" 200 4862 www.scireformacion.com "http://www.scireformacion.com/" "Mozilla/5.0 (iPad; CPU OS 5_1_1 like Mac OS X) AppleWebKit/534.46 (KHTML, like Gecko) Version/5.1 Mobile/9B206 Safari/7534.48.3" "-"
147.96.79.168 - - [06/Jul/2012:09:59:30 +0200] "GET /template/frontend/scire/img/scire.jpg HTTP/1.1" 200 45538 www.scireformacion.com "http://www.scireformacion.com/" "Mozilla/5.0 (iPad; CPU OS 5_1_1 like Mac OS X) AppleWebKit/534.46 (KHTML, like Gecko) Version/5.1 Mobile/9B206 Safari/7534.48.3" "-"
147.96.79.168 - - [06/Jul/2012:09:59:30 +0200] "GET /template/frontend/scire/img/siguenos-facebook.gif HTTP/1.1" 200 6086 www.scireformacion.com "http://www.scireformacion.com/" "Mozilla/5.0 (iPad; CPU OS 5_1_1 like Mac OS X) AppleWebKit/534.46 (KHTML, like Gecko) Version/5.1 Mobile/9B206 Safari/7534.48.3" "-"
147.96.79.168 - - [06/Jul/2012:09:59:30 +0200] "GET /template/frontend/scire/img/home.jpg HTTP/1.1" 200 23701 www.scireformacion.com "http://www.scireformacion.com/" "Mozilla/5.0 (iPad; CPU OS 5_1_1 like Mac OS X) AppleWebKit/534.46 (KHTML, like Gecko) Version/5.1 Mobile/9B206 Safari/7534.48.3" "-"
147.96.79.168 - - [06/Jul/2012:09:59:30 +0200] "GET /template/frontend/scire/img/bg.jpg HTTP/1.1" 200 40986 www.scireformacion.com "http://www.scireformacion.com/" "Mozilla/5.0 (iPad; CPU OS 5_1_1 like Mac OS X) AppleWebKit/534.46 (KHTML, like Gecko) Version/5.1 Mobile/9B206 Safari/7534.48.3" "-"
147.96.79.168 - - [06/Jul/2012:09:59:44 +0200] "GET /?go=contacto HTTP/1.1" 200 6240 www.scireformacion.com "http://www.scireformacion.com/" "Mozilla/5.0 (iPad; CPU OS 5_1_1 like Mac OS X) AppleWebKit/534.46 (KHTML, like Gecko) Version/5.1 Mobile/9B206 Safari/7534.48.3" "-"
147.96.79.168 - - [06/Jul/2012:09:59:44 +0200] "GET /template/frontend/scire/img/contacto.jpg HTTP/1.1" 200 25754 www.scireformacion.com "http://www.scireformacion.com/?go=contacto" "Mozilla/5.0 (iPad; CPU OS 5_1_1 like Mac OS X) AppleWebKit/534.46 (KHTML, like Gecko) Version/5.1 Mobile/9B206 Safari/7534.48.3" "-"
147.96.79.168 - - [06/Jul/2012:09:59:52 +0200] "GET /? HTTP/1.1" 200 5507 www.scireformacion.com "http://www.scireformacion.com/?go=contacto" "Mozilla/5.0 (iPad; CPU OS 5_1_1 like Mac OS X) AppleWebKit/534.46 (KHTML, like Gecko) Version/5.1 Mobile/9B206 Safari/7534.48.3" "-"
147.96.79.168 - - [06/Jul/2012:09:59:52 +0200] "GET /?go=cursos HTTP/1.1" 200 5479 www.scireformacion.com "http://www.scireformacion.com/?" "Mozilla/5.0 (iPad; CPU OS 5_1_1 like Mac OS X) AppleWebKit/534.46 (KHTML, like Gecko) Version/5.1 Mobile/9B206 Safari/7534.48.3" "-"
147.96.79.168 - - [06/Jul/2012:09:59:53 +0200] "GET /template/frontend/scire/img/cursos.jpg HTTP/1.1" 200 24733 www.scireformacion.com "http://www.scireformacion.com/?go=cursos" "Mozilla/5.0 (iPad; CPU OS 5_1_1 like Mac OS X) AppleWebKit/534.46 (KHTML, like Gecko) Version/5.1 Mobile/9B206 Safari/7534.48.3" "-"
147.96.79.168 - - [06/Jul/2012:09:59:57 +0200] "GET /?mes=7&ano=2013 HTTP/1.1" 200 5472 www.scireformacion.com "http://www.scireformacion.com/?go=cursos" "Mozilla/5.0 (iPad; CPU OS 5_1_1 like Mac OS X) AppleWebKit/534.46 (KHTML, like Gecko) Version/5.1 Mobile/9B206 Safari/7534.48.3" "-"
147.96.79.168 - - [06/Jul/2012:10:00:08 +0200] "GET /?mes=7&ano=2014 HTTP/1.1" 200 5472 www.scireformacion.com "http://www.scireformacion.com/?mes=7&ano=2013" "Mozilla/5.0 (iPad; CPU OS 5_1_1 like Mac OS X) AppleWebKit/534.46 (KHTML, like Gecko) Version/5.1 Mobile/9B206 Safari/7534.48.3" "-"
147.96.79.168 - - [06/Jul/2012:10:00:12 +0200] "GET /?mes=6&ano=2014 HTTP/1.1" 200 5586 www.scireformacion.com "http://www.scireformacion.com/?mes=7&ano=2014" "Mozilla/5.0 (iPad; CPU OS 5_1_1 like Mac OS X) AppleWebKit/534.46 (KHTML, like Gecko) Version/5.1 Mobile/9B206 Safari/7534.48.3" "-"
147.96.79.168 - - [06/Jul/2012:10:00:15 +0200] "GET /?mes=6&ano=2013 HTTP/1.1" 200 5660 www.scireformacion.com "http://www.scireformacion.com/?mes=6&ano=2014" "Mozilla/5.0 (iPad; CPU OS 5_1_1 like Mac OS X) AppleWebKit/534.46 (KHTML, like Gecko) Version/5.1 Mobile/9B206 Safari/7534.48.3" "-"
147.96.79.168 - - [06/Jul/2012:10:00:21 +0200] "GET /?mes=6&ano=2012 HTTP/1.1" 200 5586 www.scireformacion.com "http://www.scireformacion.com/?mes=6&ano=2013" "Mozilla/5.0 (iPad; CPU OS 5_1_1 like Mac OS X) AppleWebKit/534.46 (KHTML, like Gecko) Version/5.1 Mobile/9B206 Safari/7534.48.3" "-"
147.96.79.168 - - [06/Jul/2012:10:00:25 +0200] "GET /?mes=7&ano=2012 HTTP/1.1" 200 5507 www.scireformacion.com "http://www.scireformacion.com/?mes=6&ano=2012" "Mozilla/5.0 (iPad; CPU OS 5_1_1 like Mac OS X) AppleWebKit/534.46 (KHTML, like Gecko) Version/5.1 Mobile/9B206 Safari/7534.48.3" "-"
147.96.79.168 - - [06/Jul/2012:10:00:29 +0200] "GET /?mes=8&ano=2012 HTTP/1.1" 200 5437 www.scireformacion.com "http://www.scireformacion.com/?mes=7&ano=2012" "Mozilla/5.0 (iPad; CPU OS 5_1_1 like Mac OS X) AppleWebKit/534.46 (KHTML, like Gecko) Version/5.1 Mobile/9B206 Safari/7534.48.3" "-"
147.96.79.168 - - [06/Jul/2012:10:00:33 +0200] "GET /?mes=9&ano=2012 HTTP/1.1" 200 5486 www.scireformacion.com "http://www.scireformacion.com/?mes=8&ano=2012" "Mozilla/5.0 (iPad; CPU OS 5_1_1 like Mac OS X) AppleWebKit/534.46 (KHTML, like Gecko) Version/5.1 Mobile/9B206 Safari/7534.48.3" "-"
147.96.79.168 - - [06/Jul/2012:10:00:35 +0200] "GET /?mes=10&ano=2012 HTTP/1.1" 200 5513 www.scireformacion.com "http://www.scireformacion.com/?mes=9&ano=2012" "Mozilla/5.0 (iPad; CPU OS 5_1_1 like Mac OS X) AppleWebKit/534.46 (KHTML, like Gecko) Version/5.1 Mobile/9B206 Safari/7534.48.3" "-"
147.96.79.168 - - [06/Jul/2012:10:00:39 +0200] "GET /?mes=11&ano=2012 HTTP/1.1" 200 5414 www.scireformacion.com "http://www.scireformacion.com/?mes=10&ano=2012" "Mozilla/5.0 (iPad; CPU OS 5_1_1 like Mac OS X) AppleWebKit/534.46 (KHTML, like Gecko) Version/5.1 Mobile/9B206 Safari/7534.48.3" "-"
147.96.79.168 - - [06/Jul/2012:10:00:42 +0200] "GET /?mes=12&ano=2012 HTTP/1.1" 200 5509 www.scireformacion.com "http://www.scireformacion.com/?mes=11&ano=2012" "Mozilla/5.0 (iPad; CPU OS 5_1_1 like Mac OS X) AppleWebKit/534.46 (KHTML, like Gecko) Version/5.1 Mobile/9B206 Safari/7534.48.3" "-"
66.249.72.104 - - [06/Jul/2012:10:00:44 +0200] "GET /?mes=9&ano=1138 HTTP/1.1" 200 5466 www.scireformacion.com "-" "Mozilla/5.0 (compatible; Googlebot/2.1; +http://www.google.com/bot.html)" "-"
147.96.79.168 - - [06/Jul/2012:10:00:45 +0200] "GET /?mes=1&ano=2013 HTTP/1.1" 200 5429 www.scireformacion.com "http://www.scireformacion.com/?mes=12&ano=2012" "Mozilla/5.0 (iPad; CPU OS 5_1_1 like Mac OS X) AppleWebKit/534.46 (KHTML, like Gecko) Version/5.1 Mobile/9B206 Safari/7534.48.3" "-"
147.96.79.168 - - [06/Jul/2012:10:00:47 +0200] "GET /?mes=2&ano=2013 HTTP/1.1" 200 5348 www.scireformacion.com "http://www.scireformacion.com/?mes=1&ano=2013" "Mozilla/5.0 (iPad; CPU OS 5_1_1 like Mac OS X) AppleWebKit/534.46 (KHTML, like Gecko) Version/5.1 Mobile/9B206 Safari/7534.48.3" "-"
147.96.79.168 - - [06/Jul/2012:10:00:49 +0200] "GET /?mes=3&ano=2013 HTTP/1.1" 200 5510 www.scireformacion.com "http://www.scireformacion.com/?mes=2&ano=2013" "Mozilla/5.0 (iPad; CPU OS 5_1_1 like Mac OS X) AppleWebKit/534.46 (KHTML, like Gecko) Version/5.1 Mobile/9B206 Safari/7534.48.3" "-"
147.96.79.168 - - [06/Jul/2012:10:01:06 +0200] "GET /?go=news HTTP/1.1" 200 25748 www.scireformacion.com "http://www.scireformacion.com/?mes=3&ano=2013" "Mozilla/5.0 (iPad; CPU OS 5_1_1 like Mac OS X) AppleWebKit/534.46 (KHTML, like Gecko) Version/5.1 Mobile/9B206 Safari/7534.48.3" "-"
147.96.79.168 - - [06/Jul/2012:10:01:06 +0200] "GET /template/frontend/scire/img/noticias.jpg HTTP/1.1" 200 25064 www.scireformacion.com "http://www.scireformacion.com/?go=news" "Mozilla/5.0 (iPad; CPU OS 5_1_1 like Mac OS X) AppleWebKit/534.46 (KHTML, like Gecko) Version/5.1 Mobile/9B206 Safari/7534.48.3" "-"
147.96.79.168 - - [06/Jul/2012:10:01:28 +0200] "GET /? HTTP/1.1" 200 5507 www.scireformacion.com "http://www.scireformacion.com/?go=news" "Mozilla/5.0 (iPad; CPU OS 5_1_1 like Mac OS X) AppleWebKit/534.46 (KHTML, like Gecko) Version/5.1 Mobile/9B206 Safari/7534.48.3" "-"
147.96.79.168 - - [06/Jul/2012:10:01:33 +0200] "GET /? HTTP/1.1" 200 5507 www.scireformacion.com "http://www.scireformacion.com/?" "Mozilla/5.0 (iPad; CPU OS 5_1_1 like Mac OS X) AppleWebKit/534.46 (KHTML, like Gecko) Version/5.1 Mobile/9B206 Safari/7534.48.3" "-"
213.186.127.14 - - [06/Jul/2012:10:05:11 +0200] "GET /?mes=7&ano=2009 HTTP/1.1" 200 5472 www.scireformacion.com "-" "Mozilla/5.0 (compatible; AhrefsBot/3.1; +http://ahrefs.com/robot/)" "-"
66.249.72.104 - - [06/Jul/2012:10:05:46 +0200] "GET /robots.txt HTTP/1.1" 302 216 www.scireformacion.com "-" "Mozilla/5.0 (compatible; Googlebot/2.1; +http://www.google.com/bot.html)" "-"
66.249.72.104 - - [06/Jul/2012:10:05:47 +0200] "GET /?mes=1&ano=-327 HTTP/1.1" 200 5453 www.scireformacion.com "-" "Mozilla/5.0 (compatible; Googlebot/2.1; +http://www.google.com/bot.html)" "-"
66.249.72.104 - - [06/Jul/2012:10:06:11 +0200] "GET /?mes=7&ano=1136 HTTP/1.1" 200 5496 www.scireformacion.com "-" "Mozilla/5.0 (compatible; Googlebot/2.1; +http://www.google.com/bot.html)" "-"
66.249.72.245 - - [06/Jul/2012:10:10:32 +0200] "GET /?mes=11&ano=1239 HTTP/1.1" 200 5468 scireformacion.com "-" "Mozilla/5.0 (compatible; Googlebot/2.1; +http://www.google.com/bot.html)" "-"
213.186.122.3 - - [06/Jul/2012:10:12:41 +0200] "GET /?mes=6&ano=2010%20 HTTP/1.1" 200 5589 www.scireformacion.com "-" "Mozilla/5.0 (compatible; AhrefsBot/3.1; +http://ahrefs.com/robot/)" "-"
66.249.72.104 - - [06/Jul/2012:10:13:20 +0200] "GET /?mes=1&ano=-328 HTTP/1.1" 200 5453 www.scireformacion.com "-" "Mozilla/5.0 (compatible; Googlebot/2.1; +http://www.google.com/bot.html)" "-"
66.249.72.104 - - [06/Jul/2012:10:13:49 +0200] "GET /?mes=1&ano=1137 HTTP/1.1" 200 5453 www.scireformacion.com "-" "Mozilla/5.0 (compatible; Googlebot/2.1; +http://www.google.com/bot.html)" "-"
66.249.72.104 - - [06/Jul/2012:10:15:51 +0200] "GET /?mes=1&ano=416 HTTP/1.1" 200 5450 www.scireformacion.com "-" "Mozilla/5.0 (compatible; Googlebot/2.1; +http://www.google.com/bot.html)" "-"
66.249.72.245 - - [06/Jul/2012:10:18:23 +0200] "GET /?mes=9&ano=2254 HTTP/1.1" 200 5466 scireformacion.com "-" "Mozilla/5.0 (compatible; Googlebot/2.1; +http://www.google.com/bot.html)" "-"
66.249.72.104 - - [06/Jul/2012:10:18:30 +0200] "GET /?mes=3&ano=-937 HTTP/1.1" 200 5460 www.scireformacion.com "-" "Mozilla/5.0 (compatible; Googlebot/2.1; +http://www.google.com/bot.html)" "-"
213.186.119.138 - - [06/Jul/2012:10:20:11 +0200] "GET /?mes=7&ano=2015 HTTP/1.1" 200 5472 www.scireformacion.com "-" "Mozilla/5.0 (compatible; AhrefsBot/3.1; +http://ahrefs.com/robot/)" "-"
66.249.72.104 - - [06/Jul/2012:10:20:53 +0200] "GET /?mes=10&ano=-329 HTTP/1.1" 200 5537 www.scireformacion.com "-" "Mozilla/5.0 (compatible; Googlebot/2.1; +http://www.google.com/bot.html)" "-"
66.249.72.104 - - [06/Jul/2012:10:21:43 +0200] "GET /?mes=4&ano=-936 HTTP/1.1" 200 5460 www.scireformacion.com "-" "Mozilla/5.0 (compatible; Googlebot/2.1; +http://www.google.com/bot.html)" "-"
207.46.199.55 - - [06/Jul/2012:10:21:44 +0200] "GET /robots.txt HTTP/1.1" 302 216 www.scireformacion.com "-" "Mozilla/5.0 (compatible; bingbot/2.0; +http://www.bing.com/bingbot.htm)" "-"
207.46.199.55 - - [06/Jul/2012:10:22:25 +0200] "GET / HTTP/1.1" 200 5507 www.scireformacion.com "-" "Mozilla/5.0 (compatible; bingbot/2.0; +http://www.bing.com/bingbot.htm)" "-"
213.186.119.131 - - [06/Jul/2012:10:27:41 +0200] "GET /?mes=4&ano=2012%20 HTTP/1.1" 200 5409 www.scireformacion.com "-" "Mozilla/5.0 (compatible; AhrefsBot/3.1; +http://ahrefs.com/robot/)" "-"
66.249.72.245 - - [06/Jul/2012:10:28:27 +0200] "GET /?mes=9&ano=2255 HTTP/1.1" 200 5466 scireformacion.com "-" "Mozilla/5.0 (compatible; Googlebot/2.1; +http://www.google.com/bot.html)" "-"
66.249.72.104 - - [06/Jul/2012:10:28:56 +0200] "GET /?mes=9&ano=-940 HTTP/1.1" 200 5466 www.scireformacion.com "-" "Mozilla/5.0 (compatible; Googlebot/2.1; +http://www.google.com/bot.html)" "-"
66.249.72.104 - - [06/Jul/2012:10:28:57 +0200] "GET /?mes=7&ano=-938 HTTP/1.1" 200 5496 www.scireformacion.com "-" "Mozilla/5.0 (compatible; Googlebot/2.1; +http://www.google.com/bot.html)" "-"
66.249.72.104 - - [06/Jul/2012:10:29:01 +0200] "GET /?mes=6&ano=-937 HTTP/1.1" 200 5640 www.scireformacion.com "-" "Mozilla/5.0 (compatible; Googlebot/2.1; +http://www.google.com/bot.html)" "-"
66.249.72.104 - - [06/Jul/2012:10:29:02 +0200] "GET /?mes=8&ano=-939 HTTP/1.1" 200 5461 www.scireformacion.com "-" "Mozilla/5.0 (compatible; Googlebot/2.1; +http://www.google.com/bot.html)" "-"
66.249.72.104 - - [06/Jul/2012:10:29:03 +0200] "GET /?mes=2&ano=-938 HTTP/1.1" 200 5462 www.scireformacion.com "-" "Mozilla/5.0 (compatible; Googlebot/2.1; +http://www.google.com/bot.html)" "-"
66.249.72.104 - - [06/Jul/2012:10:29:04 +0200] "GET /?mes=1&ano=-937 HTTP/1.1" 200 5453 www.scireformacion.com "-" "Mozilla/5.0 (compatible; Googlebot/2.1; +http://www.google.com/bot.html)" "-"
66.249.72.245 - - [06/Jul/2012:10:30:58 +0200] "GET /robots.txt HTTP/1.1" 302 216 scireformacion.com "-" "Mozilla/5.0 (compatible; Googlebot/2.1; +http://www.google.com/bot.html)" "-"
66.249.72.245 - - [06/Jul/2012:10:30:58 +0200] "GET /?mes=9&ano=2256 HTTP/1.1" 200 5466 scireformacion.com "-" "Mozilla/5.0 (compatible; Googlebot/2.1; +http://www.google.com/bot.html)" "-"
213.186.119.137 - - [06/Jul/2012:10:35:12 +0200] "GET /?mes=9&ano=2011 HTTP/1.1" 200 5412 www.scireformacion.com "-" "Mozilla/5.0 (compatible; AhrefsBot/3.1; +http://ahrefs.com/robot/)" "-"
213.186.119.134 - - [06/Jul/2012:10:42:42 +0200] "GET /?mes=6&ano=2014%20 HTTP/1.1" 200 5589 www.scireformacion.com "-" "Mozilla/5.0 (compatible; AhrefsBot/3.1; +http://ahrefs.com/robot/)" "-"
66.249.72.245 - - [06/Jul/2012:10:43:35 +0200] "GET /?mes=10&ano=2258 HTTP/1.1" 200 5537 scireformacion.com "-" "Mozilla/5.0 (compatible; Googlebot/2.1; +http://www.google.com/bot.html)" "-"
208.115.113.89 - - [06/Jul/2012:10:44:41 +0200] "GET /?mes=7&ano=2010 HTTP/1.1" 200 5472 www.scireformacion.com "-" "Mozilla/5.0 (compatible; Ezooms/1.0; ezooms.bot@gmail.com)" "-"
66.249.72.104 - - [06/Jul/2012:10:48:37 +0200] "GET /?mes=10&ano=-330 HTTP/1.1" 200 5537 www.scireformacion.com "-" "Mozilla/5.0 (compatible; Googlebot/2.1; +http://www.google.com/bot.html)" "-"
66.249.72.245 - - [06/Jul/2012:10:50:08 +0200] "GET /?mes=10&ano=2805 HTTP/1.1" 200 5537 scireformacion.com "-" "Mozilla/5.0 (compatible; Googlebot/2.1; +http://www.google.com/bot.html)" "-"
66.249.72.245 - - [06/Jul/2012:10:51:07 +0200] "GET /?mes=11&ano=1763 HTTP/1.1" 200 5468 scireformacion.com "-" "Mozilla/5.0 (compatible; Googlebot/2.1; +http://www.google.com/bot.html)" "-"
66.249.72.104 - - [06/Jul/2012:10:52:37 +0200] "GET /?mes=6&ano=1135 HTTP/1.1" 200 5640 www.scireformacion.com "-" "Mozilla/5.0 (compatible; Googlebot/2.1; +http://www.google.com/bot.html)" "-"
66.249.72.245 - - [06/Jul/2012:10:53:38 +0200] "GET /?mes=12&ano=1762 HTTP/1.1" 200 5459 scireformacion.com "-" "Mozilla/5.0 (compatible; Googlebot/2.1; +http://www.google.com/bot.html)" "-"
66.249.72.245 - - [06/Jul/2012:10:55:05 +0200] "GET /noticia/64/cita?go=news HTTP/1.1" 200 45932 scireformacion.com "-" "Mozilla/5.0 (compatible; Googlebot/2.1; +http://www.google.com/bot.html)" "-"
66.249.72.104 - - [06/Jul/2012:10:56:09 +0200] "GET /?mes=10&ano=416 HTTP/1.1" 200 5532 www.scireformacion.com "-" "Mozilla/5.0 (compatible; Googlebot/2.1; +http://www.google.com/bot.html)" "-"
66.249.72.104 - - [06/Jul/2012:10:58:42 +0200] "GET /?mes=3&ano=1135 HTTP/1.1" 200 5460 www.scireformacion.com "-" "Mozilla/5.0 (compatible; Googlebot/2.1; +http://www.google.com/bot.html)" "-"
66.249.72.104 - - [06/Jul/2012:11:01:11 +0200] "GET /?mes=10&ano=417 HTTP/1.1" 200 5532 www.scireformacion.com "-" "Mozilla/5.0 (compatible; Googlebot/2.1; +http://www.google.com/bot.html)" "-"
66.249.72.104 - - [06/Jul/2012:11:01:11 +0200] "GET /index.php?mes=11&ano=1189 HTTP/1.1" 200 5468 www.scireformacion.com "-" "Mozilla/5.0 (compatible; Googlebot/2.1; +http://www.google.com/bot.html)" "-"
66.249.72.104 - - [06/Jul/2012:11:06:16 +0200] "GET /robots.txt HTTP/1.1" 302 216 www.scireformacion.com "-" "Mozilla/5.0 (compatible; Googlebot/2.1; +http://www.google.com/bot.html)" "-"
66.249.72.104 - - [06/Jul/2012:11:06:17 +0200] "GET /?mes=11&ano=-330 HTTP/1.1" 200 5468 www.scireformacion.com "-" "Mozilla/5.0 (compatible; Googlebot/2.1; +http://www.google.com/bot.html)" "-"
66.249.72.104 - - [06/Jul/2012:11:07:28 +0200] "GET /index.php?mes=12&ano=1190 HTTP/1.1" 200 5459 www.scireformacion.com "-" "Mozilla/5.0 (compatible; Googlebot/2.1; +http://www.google.com/bot.html)" "-"
80.24.191.93 - - [06/Jul/2012:11:07:56 +0200] "GET / HTTP/1.1" 200 5507 www.scireformacion.com "http://www.google.es/url?sa=t&rct=j&q=scire%20formacion&source=web&cd=1&sqi=2&ved=0CD8QFjAA&url=http%3A%2F%2Fwww.scireformacion.com%2F&ei=5ar2T4fVL4jAhAfHt9S0Ag&usg=AFQjCNG7aGjUZp1va_1vXd_BJ-2bc7efHA" "Mozilla/4.0 (compatible; MSIE 8.0; Windows NT 5.1; Trident/4.0; .NET CLR 2.0.50727; .NET CLR 3.0.4506.2152; .NET CLR 3.5.30729; CMDTDF; InfoPath.2)" "-"
80.24.191.93 - - [06/Jul/2012:11:07:57 +0200] "GET /template/frontend/scire/style.css HTTP/1.1" 200 4862 www.scireformacion.com "http://www.scireformacion.com/" "Mozilla/4.0 (compatible; MSIE 8.0; Windows NT 5.1; Trident/4.0; .NET CLR 2.0.50727; .NET CLR 3.0.4506.2152; .NET CLR 3.5.30729; CMDTDF; InfoPath.2)" "-"
80.24.191.93 - - [06/Jul/2012:11:07:57 +0200] "GET /template/frontend/scire/img/siguenos-facebook.gif HTTP/1.1" 200 6086 www.scireformacion.com "http://www.scireformacion.com/" "Mozilla/4.0 (compatible; MSIE 8.0; Windows NT 5.1; Trident/4.0; .NET CLR 2.0.50727; .NET CLR 3.0.4506.2152; .NET CLR 3.5.30729; CMDTDF; InfoPath.2)" "-"
80.24.191.93 - - [06/Jul/2012:11:07:57 +0200] "GET /template/frontend/scire/img/scire.jpg HTTP/1.1" 200 45538 www.scireformacion.com "http://www.scireformacion.com/" "Mozilla/4.0 (compatible; MSIE 8.0; Windows NT 5.1; Trident/4.0; .NET CLR 2.0.50727; .NET CLR 3.0.4506.2152; .NET CLR 3.5.30729; CMDTDF; InfoPath.2)" "-"
80.24.191.93 - - [06/Jul/2012:11:07:57 +0200] "GET /template/frontend/scire/img/home.jpg HTTP/1.1" 200 23701 www.scireformacion.com "http://www.scireformacion.com/" "Mozilla/4.0 (compatible; MSIE 8.0; Windows NT 5.1; Trident/4.0; .NET CLR 2.0.50727; .NET CLR 3.0.4506.2152; .NET CLR 3.5.30729; CMDTDF; InfoPath.2)" "-"
80.24.191.93 - - [06/Jul/2012:11:07:57 +0200] "GET /template/frontend/scire/img/bg.jpg HTTP/1.1" 200 40986 www.scireformacion.com "http://www.scireformacion.com/" "Mozilla/4.0 (compatible; MSIE 8.0; Windows NT 5.1; Trident/4.0; .NET CLR 2.0.50727; .NET CLR 3.0.4506.2152; .NET CLR 3.5.30729; CMDTDF; InfoPath.2)" "-"
80.24.191.93 - - [06/Jul/2012:11:07:57 +0200] "GET /favicon.ico HTTP/1.1" 302 216 www.scireformacion.com "-" "Mozilla/4.0 (compatible; MSIE 8.0; Windows NT 5.1; Trident/4.0; .NET CLR 2.0.50727; .NET CLR 3.0.4506.2152; .NET CLR 3.5.30729; CMDTDF; InfoPath.2)" "-"
66.249.72.104 - - [06/Jul/2012:11:11:31 +0200] "GET /index.php?mes=10&ano=-826 HTTP/1.1" 200 5537 www.scireformacion.com "-" "Mozilla/5.0 (compatible; Googlebot/2.1; +http://www.google.com/bot.html)" "-"
66.249.72.104 - - [06/Jul/2012:11:13:47 +0200] "GET /?mes=11&ano=-331 HTTP/1.1" 200 5468 www.scireformacion.com "-" "Mozilla/5.0 (compatible; Googlebot/2.1; +http://www.google.com/bot.html)" "-"
66.249.72.104 - - [06/Jul/2012:11:16:39 +0200] "GET /index.php?mes=11&ano=-827 HTTP/1.1" 200 5468 www.scireformacion.com "-" "Mozilla/5.0 (compatible; Googlebot/2.1; +http://www.google.com/bot.html)" "-"
66.249.72.104 - - [06/Jul/2012:11:18:50 +0200] "GET /index.php?mes=10&ano=1190 HTTP/1.1" 200 5537 www.scireformacion.com "-" "Mozilla/5.0 (compatible; Googlebot/2.1; +http://www.google.com/bot.html)" "-"
66.249.72.245 - - [06/Jul/2012:11:18:51 +0200] "GET /?mes=12&ano=2260 HTTP/1.1" 200 5459 scireformacion.com "-" "Mozilla/5.0 (compatible; Googlebot/2.1; +http://www.google.com/bot.html)" "-"
66.249.72.104 - - [06/Jul/2012:11:20:48 +0200] "GET /index.php?mes=10&ano=2827 HTTP/1.1" 200 5537 www.scireformacion.com "-" "Mozilla/5.0 (compatible; Googlebot/2.1; +http://www.google.com/bot.html)" "-"
66.249.72.245 - - [06/Jul/2012:11:21:21 +0200] "GET /?mes=3&ano=1762 HTTP/1.1" 200 5460 scireformacion.com "-" "Mozilla/5.0 (compatible; Googlebot/2.1; +http://www.google.com/bot.html)" "-"
66.249.72.104 - - [06/Jul/2012:11:22:41 +0200] "GET /index.php?mes=12&ano=-826 HTTP/1.1" 200 5459 www.scireformacion.com "-" "Mozilla/5.0 (compatible; Googlebot/2.1; +http://www.google.com/bot.html)" "-"
66.249.72.104 - - [06/Jul/2012:11:23:53 +0200] "GET /?mes=11&ano=417 HTTP/1.1" 200 5463 www.scireformacion.com "-" "Mozilla/5.0 (compatible; Googlebot/2.1; +http://www.google.com/bot.html)" "-"
66.249.72.245 - - [06/Jul/2012:11:24:35 +0200] "GET /?mes=10&ano=1240 HTTP/1.1" 200 5537 scireformacion.com "-" "Mozilla/5.0 (compatible; Googlebot/2.1; +http://www.google.com/bot.html)" "-"
66.249.72.104 - - [06/Jul/2012:11:26:25 +0200] "GET /?mes=12&ano=-329 HTTP/1.1" 200 5459 www.scireformacion.com "-" "Mozilla/5.0 (compatible; Googlebot/2.1; +http://www.google.com/bot.html)" "-"
66.249.72.104 - - [06/Jul/2012:11:26:27 +0200] "GET /index.php?mes=11&ano=2828 HTTP/1.1" 200 5468 www.scireformacion.com "-" "Mozilla/5.0 (compatible; Googlebot/2.1; +http://www.google.com/bot.html)" "-"
66.249.72.104 - - [06/Jul/2012:11:28:57 +0200] "GET /index.php?mes=12&ano=2827 HTTP/1.1" 200 5459 www.scireformacion.com "-" "Mozilla/5.0 (compatible; Googlebot/2.1; +http://www.google.com/bot.html)" "-"
66.249.72.104 - - [06/Jul/2012:11:30:59 +0200] "GET /?mes=10&ano=-941 HTTP/1.1" 200 5537 www.scireformacion.com "-" "Mozilla/5.0 (compatible; Googlebot/2.1; +http://www.google.com/bot.html)" "-"
66.220.149.249 - - [06/Jul/2012:11:32:00 +0200] "GET /template/frontend/scire/img/home.jpg HTTP/1.1" 200 23701 www.scireformacion.com "-" "facebookexternalhit/1.0 (+http://www.facebook.com/externalhit_uatext.php)" "-"
66.249.72.104 - - [06/Jul/2012:11:32:50 +0200] "GET /?mes=11&ano=-940 HTTP/1.1" 200 5468 www.scireformacion.com "-" "Mozilla/5.0 (compatible; Googlebot/2.1; +http://www.google.com/bot.html)" "-"
66.249.72.104 - - [06/Jul/2012:11:32:51 +0200] "GET /?mes=12&ano=1137 HTTP/1.1" 200 5459 www.scireformacion.com "-" "Mozilla/5.0 (compatible; Googlebot/2.1; +http://www.google.com/bot.html)" "-"
66.249.72.104 - - [06/Jul/2012:11:34:18 +0200] "GET /?mes=12&ano=-939 HTTP/1.1" 200 5459 www.scireformacion.com "-" "Mozilla/5.0 (compatible; Googlebot/2.1; +http://www.google.com/bot.html)" "-"
66.249.72.245 - - [06/Jul/2012:11:36:32 +0200] "GET /robots.txt HTTP/1.1" 302 216 scireformacion.com "-" "Mozilla/5.0 (compatible; Googlebot/2.1; +http://www.google.com/bot.html)" "-"
66.249.72.245 - - [06/Jul/2012:11:36:32 +0200] "GET /noticia/64/cita?mes=7&ano=2013 HTTP/1.1" 200 45932 scireformacion.com "-" "Mozilla/5.0 (compatible; Googlebot/2.1; +http://www.google.com/bot.html)" "-"
66.249.72.104 - - [06/Jul/2012:11:39:02 +0200] "GET /?mes=11&ano=1138 HTTP/1.1" 200 5468 www.scireformacion.com "-" "Mozilla/5.0 (compatible; Googlebot/2.1; +http://www.google.com/bot.html)" "-"
66.249.72.104 - - [06/Jul/2012:11:39:03 +0200] "GET /?mes=12&ano=-330 HTTP/1.1" 200 5459 www.scireformacion.com "-" "Mozilla/5.0 (compatible; Googlebot/2.1; +http://www.google.com/bot.html)" "-"
66.249.72.104 - - [06/Jul/2012:11:41:16 +0200] "GET /?mes=10&ano=1137 HTTP/1.1" 200 5537 www.scireformacion.com "-" "Mozilla/5.0 (compatible; Googlebot/2.1; +http://www.google.com/bot.html)" "-"
66.249.72.104 - - [06/Jul/2012:11:41:30 +0200] "GET /?mes=12&ano=416 HTTP/1.1" 200 5456 www.scireformacion.com "-" "Mozilla/5.0 (compatible; Googlebot/2.1; +http://www.google.com/bot.html)" "-"
66.249.72.104 - - [06/Jul/2012:11:43:30 +0200] "GET /index.php?mes=3&ano=885 HTTP/1.1" 200 5455 www.scireformacion.com "-" "Mozilla/5.0 (compatible; Googlebot/2.1; +http://www.google.com/bot.html)" "-"
66.249.72.245 - - [06/Jul/2012:11:44:01 +0200] "GET /?mes=6&ano=2259 HTTP/1.1" 200 5640 scireformacion.com "-" "Mozilla/5.0 (compatible; Googlebot/2.1; +http://www.google.com/bot.html)" "-"
66.249.72.104 - - [06/Jul/2012:11:45:42 +0200] "GET /index.php?mes=4&ano=884 HTTP/1.1" 200 5455 www.scireformacion.com "-" "Mozilla/5.0 (compatible; Googlebot/2.1; +http://www.google.com/bot.html)" "-"
66.249.72.104 - - [06/Jul/2012:11:47:55 +0200] "GET /index.php?mes=5&ano=883 HTTP/1.1" 200 5526 www.scireformacion.com "-" "Mozilla/5.0 (compatible; Googlebot/2.1; +http://www.google.com/bot.html)" "-"
66.249.72.104 - - [06/Jul/2012:11:52:34 +0200] "GET /index.php?mes=8&ano=885 HTTP/1.1" 200 5456 www.scireformacion.com "-" "Mozilla/5.0 (compatible; Googlebot/2.1; +http://www.google.com/bot.html)" "-"
